apiVersion: v1
data: {}
kind: Secret
metadata:
  annotations: {}
  labels:
    app.kubernetes.io/managed-by: commodore
    app.kubernetes.io/name: appuio-reporting
    app.kubernetes.io/part-of: syn
    name: prom-url
  name: prom-url
  namespace: appuio-reporting
stringData:
  url: http://metrics
type: Opaque
